Training app running at http://localhost:8081
Training app running at http://localhost:8081
Incremental sync: activities after 2026-07-05T10:18:33Z
  page 1: 1 activities (1 total)
Incremental sync: activities after 2026-07-05T10:18:33Z
  page 1: 3 activities (3 total)
Incremental sync: activities after 2026-07-06T15:40:13Z
  page 1: 2 activities (2 total)
Incremental sync: activities after 2026-07-06T15:40:13Z
  page 1: 2 activities (2 total)
Incremental sync: activities after 2026-07-06T15:40:13Z
  page 1: 2 activities (2 total)
Training app running at http://localhost:8081
Incremental sync: activities from last 120 days
  page 1: 64 activities (64 total)
Incremental sync: activities from last 120 days
  page 1: 64 activities (64 total)
Incremental sync: activities from last 120 days
  page 1: 64 activities (64 total)
Incremental sync: activities from last 120 days
  page 1: 64 activities (64 total)
Training app running at http://localhost:8081
Training app running at http://localhost:8081
Training app running at http://localhost:8081
Incremental sync: activities from last 120 days
  page 1: 64 activities (64 total)
Weather backfilled for 22/28 activities
Incremental sync: activities from last 120 days
Strava token refreshed, expires at 2026-07-08T22:27:11.000Z
  page 1: 65 activities (65 total)
Weather backfilled for 8/14 activities
Incremental sync: activities from last 120 days
Strava token refreshed, expires at 2026-07-09T21:12:55.000Z
  page 1: 66 activities (66 total)
Weather backfilled for 8/14 activities
Incremental sync: activities from last 120 days
  page 1: 68 activities (68 total)
Weather backfilled for 10/16 activities
