Weather fetch failed for activity 17930626532: 35 |     end_date: date,
36 |     timezone: tz,
37 |   });
38 | 
39 |   const res = await fetch(`${OPEN_METEO}?${params}`);
40 |   if (!res.ok) throw new Error(`Open-Meteo error ${res.status}`);
                              ^
error: Open-Meteo error 400
      at fetchWeatherForActivity (/Users/matt/Documents/GitHub/training-plan/src/weather.ts:40:26)
      at async backfillWeather (/Users/matt/Documents/GitHub/training-plan/src/weather.ts:60:29)
      at async syncActivities (/Users/matt/Documents/GitHub/training-plan/src/strava/sync.ts:66:9)
      at async fetch (/Users/matt/Documents/GitHub/training-plan/src/server.ts:86:30)

Weather fetch failed for activity 17894622263: 35 |     end_date: date,
36 |     timezone: tz,
37 |   });
38 | 
39 |   const res = await fetch(`${OPEN_METEO}?${params}`);
40 |   if (!res.ok) throw new Error(`Open-Meteo error ${res.status}`);
                              ^
error: Open-Meteo error 400
      at fetchWeatherForActivity (/Users/matt/Documents/GitHub/training-plan/src/weather.ts:40:26)
      at async backfillWeather (/Users/matt/Documents/GitHub/training-plan/src/weather.ts:60:29)
      at async syncActivities (/Users/matt/Documents/GitHub/training-plan/src/strava/sync.ts:66:9)
      at async fetch (/Users/matt/Documents/GitHub/training-plan/src/server.ts:86:30)

Weather fetch failed for activity 17870246388: 35 |     end_date: date,
36 |     timezone: tz,
37 |   });
38 | 
39 |   const res = await fetch(`${OPEN_METEO}?${params}`);
40 |   if (!res.ok) throw new Error(`Open-Meteo error ${res.status}`);
                              ^
error: Open-Meteo error 400
      at fetchWeatherForActivity (/Users/matt/Documents/GitHub/training-plan/src/weather.ts:40:26)
      at async backfillWeather (/Users/matt/Documents/GitHub/training-plan/src/weather.ts:60:29)
      at async syncActivities (/Users/matt/Documents/GitHub/training-plan/src/strava/sync.ts:66:9)
      at async fetch (/Users/matt/Documents/GitHub/training-plan/src/server.ts:86:30)

Weather fetch failed for activity 17858789280: 35 |     end_date: date,
36 |     timezone: tz,
37 |   });
38 | 
39 |   const res = await fetch(`${OPEN_METEO}?${params}`);
40 |   if (!res.ok) throw new Error(`Open-Meteo error ${res.status}`);
                              ^
error: Open-Meteo error 400
      at fetchWeatherForActivity (/Users/matt/Documents/GitHub/training-plan/src/weather.ts:40:26)
      at async backfillWeather (/Users/matt/Documents/GitHub/training-plan/src/weather.ts:60:29)
      at async syncActivities (/Users/matt/Documents/GitHub/training-plan/src/strava/sync.ts:66:9)
      at async fetch (/Users/matt/Documents/GitHub/training-plan/src/server.ts:86:30)

Weather fetch failed for activity 17821716387: 35 |     end_date: date,
36 |     timezone: tz,
37 |   });
38 | 
39 |   const res = await fetch(`${OPEN_METEO}?${params}`);
40 |   if (!res.ok) throw new Error(`Open-Meteo error ${res.status}`);
                              ^
error: Open-Meteo error 400
      at fetchWeatherForActivity (/Users/matt/Documents/GitHub/training-plan/src/weather.ts:40:26)
      at async backfillWeather (/Users/matt/Documents/GitHub/training-plan/src/weather.ts:60:29)
      at async syncActivities (/Users/matt/Documents/GitHub/training-plan/src/strava/sync.ts:66:9)
      at async fetch (/Users/matt/Documents/GitHub/training-plan/src/server.ts:86:30)

Weather fetch failed for activity 17784167532: 35 |     end_date: date,
36 |     timezone: tz,
37 |   });
38 | 
39 |   const res = await fetch(`${OPEN_METEO}?${params}`);
40 |   if (!res.ok) throw new Error(`Open-Meteo error ${res.status}`);
                              ^
error: Open-Meteo error 400
      at fetchWeatherForActivity (/Users/matt/Documents/GitHub/training-plan/src/weather.ts:40:26)
      at async backfillWeather (/Users/matt/Documents/GitHub/training-plan/src/weather.ts:60:29)
      at async syncActivities (/Users/matt/Documents/GitHub/training-plan/src/strava/sync.ts:66:9)
      at async fetch (/Users/matt/Documents/GitHub/training-plan/src/server.ts:86:30)

Weather fetch failed for activity 17930626532: 35 |     end_date: date,
36 |     timezone: tz,
37 |   });
38 | 
39 |   const res = await fetch(`${OPEN_METEO}?${params}`);
40 |   if (!res.ok) throw new Error(`Open-Meteo error ${res.status}`);
                              ^
error: Open-Meteo error 400
      at fetchWeatherForActivity (/Users/matt/Documents/GitHub/training-plan/src/weather.ts:40:26)
      at async backfillWeather (/Users/matt/Documents/GitHub/training-plan/src/weather.ts:60:29)
      at async syncActivities (/Users/matt/Documents/GitHub/training-plan/src/strava/sync.ts:66:9)
      at async fetch (/Users/matt/Documents/GitHub/training-plan/src/server.ts:86:30)

Weather fetch failed for activity 17894622263: 35 |     end_date: date,
36 |     timezone: tz,
37 |   });
38 | 
39 |   const res = await fetch(`${OPEN_METEO}?${params}`);
40 |   if (!res.ok) throw new Error(`Open-Meteo error ${res.status}`);
                              ^
error: Open-Meteo error 400
      at fetchWeatherForActivity (/Users/matt/Documents/GitHub/training-plan/src/weather.ts:40:26)
      at async backfillWeather (/Users/matt/Documents/GitHub/training-plan/src/weather.ts:60:29)
      at async syncActivities (/Users/matt/Documents/GitHub/training-plan/src/strava/sync.ts:66:9)
      at async fetch (/Users/matt/Documents/GitHub/training-plan/src/server.ts:86:30)

Weather fetch failed for activity 17870246388: 35 |     end_date: date,
36 |     timezone: tz,
37 |   });
38 | 
39 |   const res = await fetch(`${OPEN_METEO}?${params}`);
40 |   if (!res.ok) throw new Error(`Open-Meteo error ${res.status}`);
                              ^
error: Open-Meteo error 400
      at fetchWeatherForActivity (/Users/matt/Documents/GitHub/training-plan/src/weather.ts:40:26)
      at async backfillWeather (/Users/matt/Documents/GitHub/training-plan/src/weather.ts:60:29)
      at async syncActivities (/Users/matt/Documents/GitHub/training-plan/src/strava/sync.ts:66:9)
      at async fetch (/Users/matt/Documents/GitHub/training-plan/src/server.ts:86:30)

Weather fetch failed for activity 17858789280: 35 |     end_date: date,
36 |     timezone: tz,
37 |   });
38 | 
39 |   const res = await fetch(`${OPEN_METEO}?${params}`);
40 |   if (!res.ok) throw new Error(`Open-Meteo error ${res.status}`);
                              ^
error: Open-Meteo error 400
      at fetchWeatherForActivity (/Users/matt/Documents/GitHub/training-plan/src/weather.ts:40:26)
      at async backfillWeather (/Users/matt/Documents/GitHub/training-plan/src/weather.ts:60:29)
      at async syncActivities (/Users/matt/Documents/GitHub/training-plan/src/strava/sync.ts:66:9)
      at async fetch (/Users/matt/Documents/GitHub/training-plan/src/server.ts:86:30)

Weather fetch failed for activity 17821716387: 35 |     end_date: date,
36 |     timezone: tz,
37 |   });
38 | 
39 |   const res = await fetch(`${OPEN_METEO}?${params}`);
40 |   if (!res.ok) throw new Error(`Open-Meteo error ${res.status}`);
                              ^
error: Open-Meteo error 400
      at fetchWeatherForActivity (/Users/matt/Documents/GitHub/training-plan/src/weather.ts:40:26)
      at async backfillWeather (/Users/matt/Documents/GitHub/training-plan/src/weather.ts:60:29)
      at async syncActivities (/Users/matt/Documents/GitHub/training-plan/src/strava/sync.ts:66:9)
      at async fetch (/Users/matt/Documents/GitHub/training-plan/src/server.ts:86:30)

Weather fetch failed for activity 17784167532: 35 |     end_date: date,
36 |     timezone: tz,
37 |   });
38 | 
39 |   const res = await fetch(`${OPEN_METEO}?${params}`);
40 |   if (!res.ok) throw new Error(`Open-Meteo error ${res.status}`);
                              ^
error: Open-Meteo error 400
      at fetchWeatherForActivity (/Users/matt/Documents/GitHub/training-plan/src/weather.ts:40:26)
      at async backfillWeather (/Users/matt/Documents/GitHub/training-plan/src/weather.ts:60:29)
      at async syncActivities (/Users/matt/Documents/GitHub/training-plan/src/strava/sync.ts:66:9)
      at async fetch (/Users/matt/Documents/GitHub/training-plan/src/server.ts:86:30)

Weather fetch failed for activity 17930626532: 35 |     end_date: date,
36 |     timezone: tz,
37 |   });
38 | 
39 |   const res = await fetch(`${OPEN_METEO}?${params}`);
40 |   if (!res.ok) throw new Error(`Open-Meteo error ${res.status}`);
                              ^
error: Open-Meteo error 400
      at fetchWeatherForActivity (/Users/matt/Documents/GitHub/training-plan/src/weather.ts:40:26)
      at async backfillWeather (/Users/matt/Documents/GitHub/training-plan/src/weather.ts:60:29)
      at async syncActivities (/Users/matt/Documents/GitHub/training-plan/src/strava/sync.ts:66:9)
      at async fetch (/Users/matt/Documents/GitHub/training-plan/src/server.ts:86:30)

Weather fetch failed for activity 17894622263: 35 |     end_date: date,
36 |     timezone: tz,
37 |   });
38 | 
39 |   const res = await fetch(`${OPEN_METEO}?${params}`);
40 |   if (!res.ok) throw new Error(`Open-Meteo error ${res.status}`);
                              ^
error: Open-Meteo error 400
      at fetchWeatherForActivity (/Users/matt/Documents/GitHub/training-plan/src/weather.ts:40:26)
      at async backfillWeather (/Users/matt/Documents/GitHub/training-plan/src/weather.ts:60:29)
      at async syncActivities (/Users/matt/Documents/GitHub/training-plan/src/strava/sync.ts:66:9)
      at async fetch (/Users/matt/Documents/GitHub/training-plan/src/server.ts:86:30)

Weather fetch failed for activity 17870246388: 35 |     end_date: date,
36 |     timezone: tz,
37 |   });
38 | 
39 |   const res = await fetch(`${OPEN_METEO}?${params}`);
40 |   if (!res.ok) throw new Error(`Open-Meteo error ${res.status}`);
                              ^
error: Open-Meteo error 400
      at fetchWeatherForActivity (/Users/matt/Documents/GitHub/training-plan/src/weather.ts:40:26)
      at async backfillWeather (/Users/matt/Documents/GitHub/training-plan/src/weather.ts:60:29)
      at async syncActivities (/Users/matt/Documents/GitHub/training-plan/src/strava/sync.ts:66:9)
      at async fetch (/Users/matt/Documents/GitHub/training-plan/src/server.ts:86:30)

Weather fetch failed for activity 17858789280: 35 |     end_date: date,
36 |     timezone: tz,
37 |   });
38 | 
39 |   const res = await fetch(`${OPEN_METEO}?${params}`);
40 |   if (!res.ok) throw new Error(`Open-Meteo error ${res.status}`);
                              ^
error: Open-Meteo error 400
      at fetchWeatherForActivity (/Users/matt/Documents/GitHub/training-plan/src/weather.ts:40:26)
      at async backfillWeather (/Users/matt/Documents/GitHub/training-plan/src/weather.ts:60:29)
      at async syncActivities (/Users/matt/Documents/GitHub/training-plan/src/strava/sync.ts:66:9)
      at async fetch (/Users/matt/Documents/GitHub/training-plan/src/server.ts:86:30)

Weather fetch failed for activity 17821716387: 35 |     end_date: date,
36 |     timezone: tz,
37 |   });
38 | 
39 |   const res = await fetch(`${OPEN_METEO}?${params}`);
40 |   if (!res.ok) throw new Error(`Open-Meteo error ${res.status}`);
                              ^
error: Open-Meteo error 400
      at fetchWeatherForActivity (/Users/matt/Documents/GitHub/training-plan/src/weather.ts:40:26)
      at async backfillWeather (/Users/matt/Documents/GitHub/training-plan/src/weather.ts:60:29)
      at async syncActivities (/Users/matt/Documents/GitHub/training-plan/src/strava/sync.ts:66:9)
      at async fetch (/Users/matt/Documents/GitHub/training-plan/src/server.ts:86:30)

Weather fetch failed for activity 17784167532: 35 |     end_date: date,
36 |     timezone: tz,
37 |   });
38 | 
39 |   const res = await fetch(`${OPEN_METEO}?${params}`);
40 |   if (!res.ok) throw new Error(`Open-Meteo error ${res.status}`);
                              ^
error: Open-Meteo error 400
      at fetchWeatherForActivity (/Users/matt/Documents/GitHub/training-plan/src/weather.ts:40:26)
      at async backfillWeather (/Users/matt/Documents/GitHub/training-plan/src/weather.ts:60:29)
      at async syncActivities (/Users/matt/Documents/GitHub/training-plan/src/strava/sync.ts:66:9)
      at async fetch (/Users/matt/Documents/GitHub/training-plan/src/server.ts:86:30)

Weather fetch failed for activity 17930626532: 35 |     end_date: date,
36 |     timezone: tz,
37 |   });
38 | 
39 |   const res = await fetch(`${OPEN_METEO}?${params}`);
40 |   if (!res.ok) throw new Error(`Open-Meteo error ${res.status}`);
                              ^
error: Open-Meteo error 400
      at fetchWeatherForActivity (/Users/matt/Documents/GitHub/training-plan/src/weather.ts:40:26)
      at async backfillWeather (/Users/matt/Documents/GitHub/training-plan/src/weather.ts:60:29)

Weather fetch failed for activity 17894622263: 35 |     end_date: date,
36 |     timezone: tz,
37 |   });
38 | 
39 |   const res = await fetch(`${OPEN_METEO}?${params}`);
40 |   if (!res.ok) throw new Error(`Open-Meteo error ${res.status}`);
                              ^
error: Open-Meteo error 400
      at fetchWeatherForActivity (/Users/matt/Documents/GitHub/training-plan/src/weather.ts:40:26)
      at async backfillWeather (/Users/matt/Documents/GitHub/training-plan/src/weather.ts:60:29)

Weather fetch failed for activity 17870246388: 35 |     end_date: date,
36 |     timezone: tz,
37 |   });
38 | 
39 |   const res = await fetch(`${OPEN_METEO}?${params}`);
40 |   if (!res.ok) throw new Error(`Open-Meteo error ${res.status}`);
                              ^
error: Open-Meteo error 400
      at fetchWeatherForActivity (/Users/matt/Documents/GitHub/training-plan/src/weather.ts:40:26)
      at async backfillWeather (/Users/matt/Documents/GitHub/training-plan/src/weather.ts:60:29)

Weather fetch failed for activity 17858789280: 35 |     end_date: date,
36 |     timezone: tz,
37 |   });
38 | 
39 |   const res = await fetch(`${OPEN_METEO}?${params}`);
40 |   if (!res.ok) throw new Error(`Open-Meteo error ${res.status}`);
                              ^
error: Open-Meteo error 400
      at fetchWeatherForActivity (/Users/matt/Documents/GitHub/training-plan/src/weather.ts:40:26)
      at async backfillWeather (/Users/matt/Documents/GitHub/training-plan/src/weather.ts:60:29)

Weather fetch failed for activity 17821716387: 35 |     end_date: date,
36 |     timezone: tz,
37 |   });
38 | 
39 |   const res = await fetch(`${OPEN_METEO}?${params}`);
40 |   if (!res.ok) throw new Error(`Open-Meteo error ${res.status}`);
                              ^
error: Open-Meteo error 400
      at fetchWeatherForActivity (/Users/matt/Documents/GitHub/training-plan/src/weather.ts:40:26)
      at async backfillWeather (/Users/matt/Documents/GitHub/training-plan/src/weather.ts:60:29)

Weather fetch failed for activity 17784167532: 35 |     end_date: date,
36 |     timezone: tz,
37 |   });
38 | 
39 |   const res = await fetch(`${OPEN_METEO}?${params}`);
40 |   if (!res.ok) throw new Error(`Open-Meteo error ${res.status}`);
                              ^
error: Open-Meteo error 400
      at fetchWeatherForActivity (/Users/matt/Documents/GitHub/training-plan/src/weather.ts:40:26)
      at async backfillWeather (/Users/matt/Documents/GitHub/training-plan/src/weather.ts:60:29)

